<?xml version="1.0" encoding="UTF-8" standalone="no"?>
<application-client xmlns:xsi="http://www.w3.org/2001/XMLSchema-instance" metadata-complete="true" version="7" xsi:schemaLocation="http://xmlns.jcp.org/xml/ns/javaee http://xmlns.jcp.org/xml/ns/javaee/application-client_7.xsd" xmlns="http://xmlns.jcp.org/xml/ns/javaee">
  <ejb-ref>
    <ejb-ref-name>test.Client/sful1</ejb-ref-name>
    <ejb-ref-type>Session</ejb-ref-type>
    <remote>test.ejb.stateful.SFHello</remote>
    <injection-target>
      <injection-target-class>test.Client</injection-target-class>
      <injection-target-name>sful1</injection-target-name>
    </injection-target>
  </ejb-ref>
  <ejb-ref>
    <ejb-ref-name>ejb/sfhello</ejb-ref-name>
    <ejb-ref-type>Session</ejb-ref-type>
    <remote>test.ejb.stateful.SFHello</remote>
    <injection-target>
      <injection-target-class>test.Client</injection-target-class>
      <injection-target-name>sful2</injection-target-name>
    </injection-target>
  </ejb-ref>
</application-client>
