Hello World from 196 HttpServletDefault AuthModule Test!
<hr>
Hello, shingwai from com.sun.s1asdev.security.jmac.httpservletdefault.HttpServletDefaultTestAuthModule


<hr>
